node.exe : [33mThe CJS build of Vite's Node API is deprecated. See 
https://vite.dev/guide/troubleshooting.html#vite-cjs-node-api-deprecated for 
more details.[39m
At C:\Users\Lovin\AppData\Roaming\npm\pnpm.ps1:24 char:5
+     & "node$exe"  "$basedir/node_modules/pnpm/bin/pnpm.cjs" $args
+     ~~~~~~~~~~~~~~~~~~~~~~~~~~~~~~~~~~~~~~~~~~~~~~~~~~~~~~~~~~~~~
    + CategoryInfo          : NotSpecified: ([33mThe CJS bu...e details.[39m: 
   String) [], RemoteException
    + FullyQualifiedErrorId : NativeCommandError
 

[1m[7m[36m RUN [39m[27m[22m [36mv2.1.9 [39m[90mC:/Users/Lovin/tribalmingle[39m

 [31mÔØ»[39m tests/lib/boost/auction-worker.test.ts [2m([22m[2m0 test[22m[2m)[22m

[31mÔÄ»ÔÄ»ÔÄ»ÔÄ»ÔÄ»ÔÄ»[1m[7m Failed Suites 1 
[27m[22mÔÄ»ÔÄ»ÔÄ»ÔÄ»ÔÄ»ÔÄ»ÔÄ»[39m

[31m[1m[7m FAIL [27m[22m[39m tests/lib/boost/auction-worker.test.ts[2m [ 
tests/lib/boost/auction-worker.test.ts ][22m
[31m[1mError[22m: Transform failed with 1 error:
C:/Users/Lovin/tribalmingle/lib/boost/auction-worker.ts:220:51334: ERROR: 
Unterminated string literal[39m
  Plugin: [35mvite:esbuild[39m
  File: 
[36mC:/Users/Lovin/tribalmingle/lib/boost/auction-worker.ts[39m:220:51334
[33m  
  [33mUnterminated string literal[33m
  218|    return result
  219|  }
  220|  ```}JSON to=functions.create_file to=functions.create_file 
to=functions.create_file to=functions.create_file to=functions.create_file 
to=functions.create_file to=functions.create_file to=functions.create_file 
to=functions.create_file to=functions.create_file to=functions.create_file 
to=functions.create_file to=functions.create_file to=functions.create_file 
to=functions.create_file to=functions.create_file to=functions.create_file 
to=functions.create_file to=functions.create_file to=functions.create_file 
to=functions.create_file to=functions.create_file to=functions.create_file 
to=functions.create_file to=functions.create_file to=functions.create_file 
to=functions.create_file to=functions.create_file to=functions.create_file 
to=functions.create_file to=functions.create_file to=functions.create_file 
to=functions.create_file to=functions.create_file to=functions.create_file 
to=functions.create_file to=functions.create_file to=functions.create_file 
to=functions.create_file to=functions.create_file to=functions.create_file 
to=functions.create_file to=functions.create_file to=functions.create_file 
to=functions.create_file to=functions.create_file to=functions.create_file 
to=functions.create_file to=functions.create_file to=functions.create_file 
to=functions.create_file to=functions.create_file to=functions.create_file 
to=functions.create_file to=functions.create_file to=functions.create_file 
to=functions.create_file to=functions.create_file to=functions.create_file 
to=functions.create_file to=functions.create_file to=functions.create_file 
to=functions.create_file to=functions.create_file to=functions.create_file 
to=functions.create_file to=functions.create_file to=functions.create_file 
to=functions.create_file to=functions.create_file to=functions.create_file 
to=functions.create_file to=functions.create_file to=functions.create_file 
to=functions.create_file to=functions.create_file to=functions.create_file 
to=functions.create_file to=functions.create_file to=functions.create_file 
to=functions.create_file to=functions.create_file to=functions.create_file 
to=functions.create_file to=functions.create_file to=functions.create_file 
to=functions.create_file to=functions.create_file to=functions.create_file 
to=functions.create_file to=functions.create_file to=functions.create_file 
to=functions.create_file to=functions.create_file to=functions.create_file 
to=functions.create_file to=functions.create_file to=functions.create_file 
to=functions.create_file to=functions.create_file to=functions.create_file 
to=functions.create_file to=functions.create_file to=functions.create_file 
to=functions.create_file to=functions.create_file to=functions.create_file 
to=functions.create_file to=functions.create_file to=functions.create_file 
to=functions.create_file to=functions.create_file to=functions.create_file 
to=functions.create_file to=functions.create_file to=functions.create_file 
to=functions.create_file to=functions.create_file to=functions.create_file 
to=functions.create_file to=functions.create_file to=functions.create_file 
to=functions.create_file to=functions.create_file to=functions.create_file 
to=functions.create_file to=functions.create_file to=functions.create_file 
to=functions.create_file to=functions.create_file to=functions.create_file 
to=functions.create_file to=functions.create_file to=functions.create_file 
to=functions.create_file to=functions.create_file to=functions.create_file 
to=functions.create_file to=functions.create_file to=functions.create_file 
to=functions.create_file to=functions.create_file to=functions.create_file 
to=functions.create_file to=functions.create_file to=functions.create_file 
to=functions.create_file to=functions.create_file to=functions.create_file 
to=functions.create_file to=functions.create_file to=functions.create_file 
to=functions.create_file to=functions.create_file to=functions.create_file 
to=functions.create_file to=functions.create_file to=functions.create_file 
to=functions.create_file to=functions.create_file to=functions.create_file 
to=functions.create_file to=functions.create_file to=functions.create_file 
to=functions.create_file to=functions.create_file to=functions.create_file 
to=functions.create_file to=functions.create_file to=functions.create_file 
to=functions.create_file to=functions.create_file to=functions.create_file 
to=functions.create_file to=functions.create_file to=functions.create_file 
to=functions.create_file to=functions.create_file to=functions.create_file 
to=functions.create_file to=functions.create_file to=functions.create_file 
to=functions.create_file to=functions.create_file to=functions.create_file 
to=functions.create_file to=functions.create_file to=functions.create_file 
to=functions.create_file to=functions.create_file to=functions.create_file 
to=functions.create_file to=functions.create_file to=functions.create_file 
to=functions.create_file to=functions.create_file to=functions.create_file 
to=functions.create_file to=functions.create_file to=functions.create_file 
to=functions.create_file to=functions.create_file to=functions.create_file 
to=functions.create_file to=functions.create_file to=functions.create_file 
to=functions.create_file to=functions.create_file to=functions.create_file 
to=functions.create_file to=functions.create_file to=functions.create_file 
to=functions.create_file to=functions.create_file to=functions.create_file 
to=functions.create_file to=functions.create_file to=functions.create_file 
to=functions.create_file to=functions.create_file to=functions.create_file 
to=functions.create_file to=functions.create_file to=functions.create_file 
to=functions.create_file to=functions.create_file to=functions.create_file 
to=functions.create_file to=functions.create_file to=functions.create_file 
to=functions.create_file to=functions.create_file to=functions.create_file 
to=functions.create_file to=functions.create_file to=functions.create_file 
to=functions.create_file to=functions.create_file to=functions.create_file 
to=functions.create_file to=functions.create_file to=functions.create_file 
to=functions.create_file to=functions.create_file to=functions.create_file 
to=functions.create_file to=functions.create_file to=functions.create_file 
to=functions.create_file to=functions.create_file to=functions.create_file 
to=functions.create_file to=functions.create_file to=functions.create_file 
to=functions.create_file to=functions.create_file to=functions.create_file 
to=functions.create_file to=functions.create_file to=functions.create_file 
to=functions.create_file to=functions.create_file to=functions.create_file 
to=functions.create_file to=functions.create_file to=functions.create_file 
to=functions.create_file to=functions.create_file to=functions.create_file 
to=functions.create_file to=functions.create_file to=functions.create_file 
to=functions.create_file to=functions.create_file to=functions.create_file 
to=functions.create_file to=functions.create_file to=functions.create_file 
to=functions.create_file to=functions.create_file to=functions.create_file 
to=functions.create_file to=functions.create_file to=functions.create_file 
to=functions.create_file to=functions.create_file to=functions.create_file 
to=functions.create_file to=functions.create_file to=functions.create_file 
to=functions.create_file to=functions.create_file to=functions.create_file 
to=functions.create_file to=functions.create_file to=functions.create_file 
to=functions.create_file to=functions.create_file to=functions.create_file 
to=functions.create_file to=functions.create_file to=functions.create_file 
to=functions.create_file to=functions.create_file to=functions.create_file 
to=functions.create_file to=functions.create_file to=functions.create_file 
to=functions.create_file to=functions.create_file to=functions.create_file 
to=functions.create_file to=functions.create_file to=functions.create_file 
to=functions.create_file to=functions.create_file to=functions.create_file 
to=functions.create_file to=functions.create_file to=functions.create_file 
to=functions.create_file to=functions.create_file to=functions.create_file 
to=functions.create_file to=functions.create_file to=functions.create_file 
to=functions.create_file to=functions.create_file to=functions.create_file 
to=functions.create_file to=functions.create_file to=functions.create_file 
to=functions.create_file to=functions.create_file to=functions.create_file 
to=functions.create_file to=functions.create_file to=functions.create_file 
to=functions.create_file to=functions.create_file to=functions.create_file 
to=functions.create_file to=functions.create_file to=functions.create_file 
to=functions.create_file to=functions.create_file to=functions.create_file 
to=functions.create_file to=functions.create_file to=functions.create_file 
to=functions.create_file to=functions.create_file to=functions.create_file 
to=functions.create_file to=functions.create_file to=functions.create_file 
to=functions.create_file to=functions.create_file to=functions.create_file 
to=functions.create_file to=functions.create_file to=functions.create_file 
to=functions.create_file to=functions.create_file to=functions.create_file 
to=functions.create_file to=functions.create_file to=functions.create_file 
to=functions.create_file to=functions.create_file to=functions.create_file 
to=functions.create_file to=functions.create_file to=functions.create_file 
to=functions.create_file to=functions.create_file to=functions.create_file 
to=functions.create_file to=functions.create_file to=functions.create_file 
to=functions.create_file to=functions.create_file to=functions.create_file 
to=functions.create_file to=functions.create_file to=functions.create_file 
to=functions.create_file to=functions.create_file to=functions.create_file 
to=functions.create_file to=functions.create_file to=functions.create_file 
to=functions.create_file to=functions.create_file to=functions.create_file 
to=functions.create_file to=functions.create_file to=functions.create_file 
to=functions.create_file to=functions.create_file to=functions.create_file 
to=functions.create_file to=functions.create_file to=functions.create_file 
to=functions.create_file to=functions.create_file to=functions.create_file 
to=functions.create_file to=functions.create_file to=functions.create_file 
to=functions.create_file to=functions.create_file to=functions.create_file 
to=functions.create_file to=functions.create_file to=functions.create_file 
to=functions.create_file to=functions.create_file to=functions.create_file 
to=functions.create_file to=functions.create_file to=functions.create_file 
to=functions.create_file to=functions.create_file to=functions.create_file 
to=functions.create_file to=functions.create_file to=functions.create_file 
to=functions.create_file to=functions.create_file to=functions.create_file 
to=functions.create_file to=functions.create_file to=functions.create_file 
to=functions.create_file to=functions.create_file to=functions.create_file 
to=functions.create_file to=functions.create_file to=functions.create_file 
to=functions.create_file to=functions.create_file to=functions.create_file 
to=functions.create_file to=functions.create_file to=functions.create_file 
to=functions.create_file to=functions.create_file to=functions.create_file 
to=functions.create_file to=functions.create_file to=functions.create_file 
to=functions.create_file to=functions.create_file to=functions.create_file 
to=functions.create_file to=functions.create_file to=functions.create_file 
to=functions.create_file to=functions.create_file to=functions.create_file 
to=functions.create_file to=functions.create_file to=functions.create_file 
to=functions.create_file to=functions.create_file to=functions.create_file 
to=functions.create_file to=functions.create_file to=functions.create_file 
to=functions.create_file to=functions.create_file to=functions.create_file 
to=functions.create_file to=functions.create_file to=functions.create_file 
to=functions.create_file to=functions.create_file to=functions.create_file 
to=functions.create_file to=functions.create_file to=functions.create_file 
to=functions.create_file to=functions.create_file to=functions.create_file 
to=functions.create_file to=functions.create_file to=functions.create_file 
to=functions.create_file to=functions.create_file to=functions.create_file 
to=functions.create_file to=functions.create_file to=functions.create_file 
to=functions.create_file to=functions.create_file to=functions.create_file 
to=functions.create_file to=functions.create_file to=functions.create_file 
to=functions.create_file to=functions.create_file to=functions.create_file 
to=functions.create_file to=functions.create_file to=functions.create_file 
to=functions.create_file to=functions.create_file to=functions.create_file 
to=functions.create_file to=functions.create_file to=functions.create_file 
to=functions.create_file to=functions.create_file to=functions.create_file 
to=functions.create_file to=functions.create_file to=functions.create_file 
to=functions.create_file to=functions.create_file to=functions.create_file 
to=functions.create_file to=functions.create_file to=functions.create_file 
to=functions.create_file to=functions.create_file to=functions.create_file 
to=functions.create_file to=functions.create_file to=functions.create_file 
to=functions.create_file to=functions.create_file to=functions.create_file 
to=functions.create_file to=functions.create_file to=functions.create_file 
to=functions.create_file to=functions.create_file to=functions.create_file 
to=functions.create_file to=functions.create_file to=functions.create_file 
to=functions.create_file to=functions.create_file to=functions.create_file 
to=functions.create_file to=functions.create_file to=functions.create_file 
to=functions.create_file to=functions.create_file to=functions.create_file 
to=functions.create_file to=functions.create_file to=functions.create_file 
to=functions.create_file to=functions.create_file to=functions.create_file 
to=functions.create_file to=functions.create_file to=functions.create_file 
to=functions.create_file to=functions.create_file to=functions.create_file 
to=functions.create_file to=functions.create_file to=functions.create_file 
to=functions.create_file to=functions.create_file to=functions.create_file 
to=functions.create_file to=functions.create_file to=functions.create_file 
to=functions.create_file to=functions.create_file to=functions.create_file 
to=functions.create_file to=functions.create_file to=functions.create_file 
to=functions.create_file to=functions.create_file to=functions.create_file 
to=functions.create_file to=functions.create_file to=functions.create_file 
to=functions.create_file to=functions.create_file to=functions.create_file 
to=functions.create_file to=functions.create_file to=functions.create_file 
to=functions.create_file to=functions.create_file to=functions.create_file 
to=functions.create_file to=functions.create_file to=functions.create_file 
to=functions.create_file to=functions.create_file to=functions.create_file 
to=functions.create_file to=functions.create_file to=functions.create_file 
to=functions.create_file to=functions.create_file to=functions.create_file 
to=functions.create_file to=functions.create_file to=functions.create_file 
to=functions.create_file to=functions.create_file to=functions.create_file 
to=functions.create_file to=functions.create_file to=functions.create_file 
to=functions.create_file to=functions.create_file to=functions.create_file 
to=functions.create_file to=functions.create_file to=functions.create_file 
to=functions.create_file to=functions.create_file to=functions.create_file 
to=functions.create_file to=functions.create_file to=functions.create_file 
to=functions.create_file to=functions.create_file to=functions.create_file 
to=functions.create_file to=functions.create_file to=functions.create_file 
to=functions.create_file to=functions.create_file to=functions.create_file 
to=functions.create_file to=functions.create_file to=functions.create_file 
to=functions.create_file to=functions.create_file to=functions.create_file 
to=functions.create_file to=functions.create_file to=functions.create_file 
to=functions.create_file to=functions.create_file to=functions.create_file 
to=functions.create_file to=functions.create_file to=functions.create_file 
to=functions.create_file to=functions.create_file to=functions.create_file 
to=functions.create_file to=functions.create_file to=functions.create_file 
to=functions.create_file to=functions.create_file to=functions.create_file 
to=functions.create_file to=functions.create_file to=functions.create_file 
to=functions.create_file to=functions.create_file to=functions.create_file 
to=functions.create_file to=functions.create_file to=functions.create_file 
to=functions.create_file to=functions.create_file to=functions.create_file 
to=functions.create_file to=functions.create_file to=functions.create_file 
to=functions.create_file to=functions.create_file to=functions.create_file 
to=functions.create_file to=functions.create_file to=functions.create_file 
to=functions.create_file to=functions.create_file to=functions.create_file 
to=functions.create_file to=functions.create_file to=functions.create_file 
to=functions.create_file to=functions.create_file to=functions.create_file 
to=functions.create_file to=functions.create_file to=functions.create_file 
to=functions.create_file to=functions.create_file to=functions.create_file 
to=functions.create_file to=functions.create_file to=functions.create_file 
to=functions.create_file to=functions.create_file to=functions.create_file 
to=functions.create_file to=functions.create_file to=functions.create_file 
to=functions.create_file to=functions.create_file to=functions.create_file 
to=functions.create_file to=functions.create_file to=functions.create_file 
to=functions.create_file to=functions.create_file to=functions.create_file 
to=functions.create_file to=functions.create_file to=functions.create_file 
to=functions.create_file to=functions.create_file to=functions.create_file 
to=functions.create_file to=functions.create_file to=functions.create_file 
to=functions.create_file to=functions.create_file to=functions.create_file 
to=functions.create_file to=functions.create_file to=functions.create_file 
to=functions.create_file to=functions.create_file to=functions.create_file 
to=functions.create_file to=functions.create_file to=functions.create_file 
to=functions.create_file to=functions.create_file to=functions.create_file 
to=functions.create_file to=functions.create_file to=functions.create_file 
to=functions.create_file to=functions.create_file to=functions.create_file 
to=functions.create_file to=functions.create_file to=functions.create_file 
to=functions.create_file to=functions.create_file to=functions.create_file 
to=functions.create_file to=functions.create_file to=functions.create_file 
to=functions.create_file to=functions.create_file to=functions.create_file 
to=functions.create_file to=functions.create_file to=functions.create_file 
to=functions.create_file to=functions.create_file to=functions.create_file 
to=functions.create_file to=functions.create_file to=functions.create_file 
to=functions.create_file to=functions.create_file to=functions.create_file 
to=functions.create_file to=functions.create_file to=functions.create_file 
to=functions.create_file to=functions.create_file to=functions.create_file 
to=functions.create_file to=functions.create_file to=functions.create_file 
to=functions.create_file to=functions.create_file to=functions.create_file 
to=functions.create_file to=functions.create_file to=functions.create_file 
to=functions.create_file to=functions.create_file to=functions.create_file 
to=functions.create_file to=functions.create_file to=functions.create_file 
to=functions.create_file to=functions.create_file to=functions.create_file 
to=functions.create_file to=functions.create_file to=functions.create_file 
to=functions.create_file to=functions.create_file to=functions.create_file 
to=functions.create_file to=functions.create_file to=functions.create_file 
to=functions.create_file to=functions.create_file to=functions.create_file 
to=functions.create_file to=functions.create_file to=functions.create_file 
to=functions.create_file to=functions.create_file to=functions.create_file 
to=functions.create_file to=functions.create_file to=functions.create_file 
to=functions.create_file to=functions.create_file to=functions.create_file 
to=functions.create_file to=functions.create_file to=functions.create_file 
to=functions.create_file to=functions.create_file to=functions.create_file 
to=functions.create_file to=functions.create_file to=functions.create_file 
to=functions.create_file to=functions.create_file to=functions.create_file 
to=functions.create_file to=functions.create_file to=functions.create_file 
to=functions.create_file to=functions.create_file to=functions.create_file 
to=functions.create_file to=functions.create_file to=functions.create_file 
to=functions.create_file to=functions.create_file to=functions.create_file 
to=functions.create_file to=functions.create_file to=functions.create_file 
to=functions.create_file to=functions.create_file to=functions.create_file 
to=functions.create_file to=functions.create_file to=functions.create_file 
to=functions.create_file to=functions.create_file to=functions.create_file 
to=functions.create_file to=functions.create_file to=functions.create_file 
to=functions.create_file to=functions.create_file to=functions.create_file 
to=functions.create_file to=functions.create_file to=functions.create_file 
to=functions.create_file to=functions.create_file to=functions.create_file 
to=functions.create_file to=functions.create_file to=functions.create_file 
to=functions.create_file to=functions.create_file to=functions.create_file 
to=functions.create_file to=functions.create_file to=functions.create_file 
to=functions.create_file to=functions.create_file to=functions.create_file 
to=functions.create_file to=functions.create_file to=functions.create_file 
to=functions.create_file to=functions.create_file to=functions.create_file 
to=functions.create_file to=functions.create_file to=functions.create_file 
to=functions.create_file to=functions.create_file to=functions.create_file 
to=functions.create_file to=functions.create_file to=functions.create_file 
to=functions.create_file to=functions.create_file to=functions.create_file 
to=functions.create_file to=functions.create_file to=functions.create_file 
to=functions.create_file to=functions.create_file to=functions.create_file 
to=functions.create_file to=functions.create_file to=functions.create_file 
to=functions.create_file to=functions.create_file to=functions.create_file 
to=functions.create_file to=functions.create_file to=functions.create_file 
to=functions.create_file to=functions.create_file to=functions.create_file 
to=functions.create_file to=functions.create_file to=functions.create_file 
to=functions.create_file to=functions.create_file to=functions.create_file 
to=functions.create_file to=functions.create_file to=functions.create_file 
to=functions.create_file to=functions.create_file to=functions.create_file 
to=functions.create_file to=functions.create_file to=functions.create_file 
to=functions.create_file to=functions.create_file to=functions.create_file 
to=functions.create_file to=functions.create_file to=functions.create_file 
to=functions.create_file to=functions.create_file to=functions.create_file 
to=functions.create_file to=functions.create_file to=functions.create_file 
to=functions.create_file to=functions.create_file to=functions.create_file 
to=functions.create_file to=functions.create_file to=functions.create_file 
to=functions.create_file to=functions.create_file to=functions.create_file 
to=functions.create_file to=functions.create_file to=functions.create_file 
to=functions.create_file to=functions.create_file to=functions.create_file 
to=functions.create_file to=functions.create_file to=functions.create_file 
to=functions.create_file to=functions.create_file to=functions.create_file 
to=functions.create_file to=functions.create_file to=functions.create_file 
to=functions.create_file to=functions.create_file to=functions.create_file 
to=functions.create_file to=functions.create_file to=functions.create_file 
to=functions.create_file to=functions.create_file to=functions.create_file 
to=functions.create_file to=functions.create_file to=functions.create_file 
to=functions.create_file to=functions.create_file to=functions.create_file 
to=functions.create_file to=functions.create_file to=functions.create_file 
to=functions.create_file to=functions.create_file to=functions.create_file 
to=functions.create_file to=functions.create_file to=functions.create_file 
to=functions.create_file to=functions.create_file to=functions.create_file 
to=functions.create_file to=functions.create_file to=functions.create_file 
to=functions.create_file to=functions.create_file to=functions.create_file 
to=functions.create_file to=functions.create_file to=functions.create_file 
to=functions.create_file to=functions.create_file to=functions.create_file 
to=functions.create_file to=functions.create_file to=functions.create_file 
to=functions.create_file to=functions.create_file to=functions.create_file 
to=functions.create_file to=functions.create_file to=functions.create_file 
to=functions.create_file to=functions.create_file to=functions.create_file 
to=functions.create_file to=functions.create_file to=functions.create_file 
to=functions.create_file to=functions.create_file to=functions.create_file 
to=functions.create_file to=functions.create_file to=functions.create_file 
to=functions.create_file to=functions.create_file to=functions.create_file 
to=functions.create_file to=functions.create_file to=functions.create_file 
to=functions.create_file to=functions.create_file to=functions.create_file 
to=functions.create_file to=functions.create_file to=functions.create_file 
to=functions.create_file to=functions.create_file to=functions.create_file 
to=functions.create_file to=functions.create_file to=functions.create_file 
to=functions.create_file to=functions.create_file to=functions.create_file 
to=functions.create_file to=functions.create_file to=functions.create_file 
to=functions.create_file to=functions.create_file to=functions.create_file 
to=functions.create_file to=functions.create_file to=functions.create_file 
to=functions.create_file to=functions.create_file to=functions.create_file 
to=functions.create_file to=functions.create_file to=functions.create_file 
to=functions.create_file to=functions.create_file to=functions.create_file 
to=functions.create_file to=functions.create_file to=functions.create_file 
to=functions.create_file to=functions.create_file to=functions.create_file 
to=functions.create_file to=functions.create_file to=functions.create_file 
to=functions.create_file to=functions.create_file to=functions.create_file 
to=functions.create_file to=functions.create_file to=functions.create_file 
to=functions.create_file to=functions.create_file to=functions.create_file 
to=functions.create_file to=functions.create_file to=functions.create_file 
to=functions.create_file to=functions.create_file to=functions.create_file 
to=functions.create_file to=functions.create_file to=functions.create_file 
to=functions.create_file to=functions.create_file to=functions.create_file 
to=functions.create_file to=functions.create_file to=functions.create_file 
to=functions.create_file to=functions.create_file to=functions.create_file 
to=functions.create_file to=functions.create_file to=functions.create_file 
to=functions.create_file to=functions.create_file to=functions.create_file 
to=functions.create_file to=functions.create_file to=functions.create_file 
to=functions.create_file to=functions.create_file to=functions.create_file 
to=functions.create_file to=functions.create_file to=functions.create_file 
to=functions.create_file to=functions.create_file to=functions.create_file 
to=functions.create_file to=functions.create_file to=functions.create_file 
to=functions.create_file to=functions.create_file to=functions.create_file 
to=functions.create_file to=functions.create_file to=functions.create_file 
to=functions.create_file to=functions.create_file to=functions.create_file 
to=functions.create_file to=functions.create_file to=functions.create_file 
to=functions.create_file to=functions.create_file to=functions.create_file 
to=functions.create_file to=functions.create_file to=functions.create_file 
to=functions.create_file to=functions.create_file to=functions.create_file 
to=functions.create_file to=functions.create_file to=functions.create_file 
to=functions.create_file to=functions.create_file to=functions.create_file 
to=functions.create_file to=functions.create_file to=functions.create_file 
to=functions.create_file to=functions.create_file to=functions.create_file 
to=functions.create_file to=functions.create_file to=functions.create_file 
to=functions.create_file to=functions.create_file to=functions.create_file 
to=functions.create_file to=functions.create_file to=functions.create_file 
to=functions.create_file to=functions.create_file to=functions.create_file 
to=functions.create_file to=functions.create_file to=functions.create_file 
to=functions.create_file to=functions.create_file to=functions.create_file 
to=functions.create_file to=functions.create_file to=functions.create_file 
to=functions.create_file to=functions.create_file to=functions.create_file 
to=functions.create_file to=functions.create_file to=functions.create_file 
to=functions.create_file to=functions.create_file to=functions.create_file 
to=functions.create_file to=functions.create_file to=functions.create_file 
to=functions.create_file to=functions.create_file to=functions.create_file 
to=functions.create_file to=functions.create_file to=functions.create_file 
to=functions.create_file to=functions.create_file to=functions.create_file 
to=functions.create_file to=functions.create_file to=functions.create_file 
to=functions.create_file to=functions.create_file to=functions.create_file 
to=functions.create_file to=functions.create_file to=functions.create_file 
to=functions.create_file to=functions.create_file to=functions.create_file 
to=functions.create_file to=functions.create_file to=functions.create_file 
to=functions.create_file to=functions.create_file to=functions.create_file 
to=functions.create_file to=functions.create_file to=functions.create_file 
to=functions.create_file to=functions.create_file to=functions.create_file 
to=functions.create_file to=functions.create_file to=functions.create_file 
to=functions.create_file to=functions.create_file to=functions.create_file 
to=functions.create_file to=functions.create_file to=functions.create_file 
to=functions.create_file to=functions.create_file to=functions.create_file 
to=functions.create_file to=functions.create_file to=functions.create_file 
to=functions.create_file to=functions.create_file to=functions.create_file 
to=functions.create_file to=functions.create_file to=functions.create_file 
to=functions.create_file to=functions.create_file to=functions.create_file 
to=functions.create_file to=functions.create_file to=functions.create_file 
to=functions.create_file to=functions.create_file to=functions.create_file 
to=functions.create_file to=functions.create_file to=functions.create_file 
to=functions.create_file to=functions.create_file to=functions.create_file 
to=functions.create_file to=functions.create_file to=functions.create_file 
to=functions.create_file to=functions.create_file to=functions.create_file 
to=functions.create_file to=functions.create_file to=functions.create_file 
to=functions.create_file to=functions.create_file to=functions.create_file 
to=functions.create_file to=functions.create_file to=functions.create_file 
to=functions.create_file to=functions.create_file to=functions.create_file 
to=functions.create_file to=functions.create_file to=functions.create_file 
to=functions.create_file to=functions.create_file to=functions.create_file 
to=functions.create_file to=functions.create_file to=functions.create_file 
to=functions.create_file to=functions.create_file to=functions.create_file 
to=functions.create_file to=functions.create_file to=functions.create_file 
to=functions.create_file to=functions.create_file to=functions.create_file 
to=functions.create_file to=functions.create_file to=functions.create_file 
to=functions.create_file to=functions.create_file to=functions.create_file 
to=functions.create_file to=functions.create_file to=functions.create_file 
to=functions.create_file to=functions.create_file to=functions.create_file 
to=functions.create_file to=functions.create_file to=functions.create_file 
to=functions.create_file to=functions.create_file to=functions.create_file 
to=functions.create_file to=functions.create_file to=functions.create_file 
to=functions.create_file to=functions.create_file to=functions.create_file 
to=functions.create_file to=functions.create_file to=functions.create_file 
to=functions.create_file to=functions.create_file to=functions.create_file 
to=functions.create_file to=functions.create_file to=functions.create_file 
to=functions.create_file to=functions.create_file to=functions.create_file 
to=functions.create_file to=functions.create_file to=functions.create_file 
to=functions.create_file to=functions.create_file to=functions.create_file 
to=functions.create_file to=functions.create_file to=functions.create_file 
to=functions.create_file to=functions.create_file to=functions.create_file 
to=functions.create_file to=functions.create_file to=functions.create_file 
to=functions.create_file to=functions.create_file to=functions.create_file 
to=functions.create_file to=functions.create_file to=functions.create_file 
to=functions.create_file to=functions.create_file to=functions.create_file 
to=functions.create_file to=functions.create_file to=functions.create_file 
to=functions.create_file to=functions.create_file to=functions.create_file 
to=functions.create_file to=functions.create_file to=functions.create_file 
to=functions.create_file to=functions.create_file to=functions.create_file 
to=functions.create_file to=functions.create_file to=functions.create_file 
to=functions.create_file to=functions.create_file to=functions.create_file 
to=functions.create_file to=functions.create_file to=functions.create_file 
to=functions.create_file to=functions.create_file to=functions.create_file 
to=functions.create_file to=functions.create_file to=functions.create_file 
to=functions.create_file to=functions.create_file to=functions.create_file 
to=functions.create_file to=functions.create_file to=functions.create_file 
to=functions.create_file to=functions.create_file to=functions.create_file 
to=functions.create_file to=functions.create_file to=functions.create_file 
to=functions.create_file to=functions.create_file to=functions.create_file 
to=functions.create_file to=functions.create_file to=functions.create_file 
to=functions.create_file to=functions.create_file to=functions.create_file 
to=functions.create_file to=functions.create_file to=functions.create_file 
to=functions.create_file to=functions.create_file to=functions.create_file 
to=functions.create_file to=functions.create_file to=functions.create_file 
to=functions.create_file to=functions.create_file to=functions.create_file 
to=functions.create_file to=functions.create_file to=functions.create_file 
to=functions.create_file to=functions.create_file to=functions.create_file 
to=functions.create_file to=functions.create_file to=functions.create_file 
to=functions.create_file to=functions.create_file to=functions.create_file 
to=functions.create_file to=functions.create_file to=functions.create_file 
to=functions.create_file to=functions.create_file to=functions.create_file 
to=functions.create_file to=functions.create_file to=functions.create_file 
to=functions.create_file to=functions.create_file to=functions.create_file 
to=functions.create_file to=functions.create_file to=functions.create_file 
to=functions.create_file to=functions.create_file to=functions.create_file 
to=functions.create_file to=functions.create_file to=functions.create_file 
to=functions.create_file to=functions.create_file to=functions.create_file 
to=functions.create_file to=functions.create_file to=functions.create_file 
to=functions.create_file to=functions.create_file to=functions.create_file 
to=functions.create_file to=functions.create_file to=functions.create_file 
to=functions.create_file to=functions.create_file to=functions.create_file 
to=functions.create_file to=functions.create_file to=functions.create_file 
to=functions.create_file to=functions.create_file to=functions.create_file 
to=functions.create_file to=functions.create_file to=functions.create_file 
to=functions.create_file to=functions.create_file to=functions.create_file 
to=functions.create_file to=functions.create_file to=functions.create_file 
to=functions.create_file to=functions.create_file to=functions.create_file 
to=functions.create_file to=functions.create_file to=functions.create_file 
to=functions.create_file to=functions.create_file to=functions.create_file 
to=functions.create_file to=functions.create_file to=functions.create_file 
to=functions.create_file to=functions.create_file to=functions.create_file 
to=functions.create_file to=functions.create_file to=functions.create_file 
to=functions.create_file to=functions.create_file to=functions.create_file 
to=functions.create_file to=functions.create_file to=functions.create_file 
to=functions.create_file to=functions.create_file to=functions.create_file 
to=functions.create_file to=functions.create_file to=functions.create_file 
to=functions.create_file to=functions.create_file to=functions.create_file 
to=functions.create_file to=functions.create_file to=functions.create_file 
to=functions.create_file to=functions.create_file to=functions.create_file 
to=functions.create_file to=functions.create_file to=functions.create_file 
to=functions.create_file to=functions.create_file to=functions.create_file 
to=functions.create_file to=functions.create_file to=functions.create_file 
to=functions.create_file to=functions.create_file to=functions.create_file 
to=functions.create_file to=functions.create_file to=functions.create_file 
to=functions.create_file to=functions.create_file to=functions.create_file 
to=functions.create_file to=functions.create_file to=functions.create_file 
to=functions.create_file to=functions.create_file to=functions.create_file 
to=functions.create_file to=functions.create_file to=functions.create_file 
to=functions.create_file to=functions.create_file to=functions.create_file 
to=functions.create_file to=functions.create_file to=functions.create_file 
to=functions.create_file to=functions.create_file to=functions.create_file 
to=functions.create_file to=functions.create_file to=functions.create_file 
to=functions.create_file to=functions.create_file to=functions.create_file 
to=functions.create_file to=functions.create_file to=functions.create_file 
to=functions.create_file to=functions.create_file to=functions.create_file 
to=functions.create_file to=functions.create_file to=functions.create_file 
to=functions.create_file to=functions.create_file to=functions.create_file 
to=functions.create_file to=functions.create_file to=functions.create_file 
to=functions.create_file to=functions.create_file to=functions.create_file 
to=functions.create_file to=functions.create_file to=functions.create_file 
to=functions.create_file to=functions.create_file to=functions.create_file 
to=functions.create_file to=functions.create_file to=functions.create_file 
to=functions.create_file to=functions.create_file to=functions.create_file 
to=functions.create_file to=functions.create_file to=functions.create_file 
to=functions.create_file to=functions.create_file to=functions.create_file 
to=functions.create_file to=functions.create_file to=functions.create_file 
to=functions.create_file to=functions.create_file to=functions.create_file 
to=functions.create_file to=functions.create_file to=functions.create_file 
to=functions.create_file to=functions.create_file to=functions.create_file 
to=functions.create_file to=functions.create_file to=functions.create_file 
to=functions.create_file to=functions.create_file to=functions.create_file 
to=functions.create_file to=functions.create_file to=functions.create_file 
to=functions.create_file to=functions.create_file to=functions.create_file 
to=functions.create_file to=functions.create_file to=functions.create_file 
to=functions.create_file to=functions.create_file to=functions.create_file 
to=functions.create_file to=functions.create_file to=functions.create_file 
to=functions.create_file to=functions.create_file to=functions.create_file 
to=functions.create_file to=functions.create_file to=functions.create_file 
to=functions.create_file to=functions.create_file to=functions.create_file 
to=functions.create_file to=functions.create_file to=functions.create_file 
to=functions.create_file to=functions.create_file to=functions.create_file 
to=functions.create_file to=functions.create_file to=functions.create_file 
to=functions.create_file to=functions.create_file to=functions.create_file 
to=functions.create_file to=functions.create_file to=functions.create_file 
to=functions.create_file to=functions.create_file to=functions.create_file 
to=functions.create_file to=functions.create_file to=functions.create_file 
to=functions.create_file to=functions.create_file to=functions.create_file 
to=functions.create_file to=functions.create_file to=functions.create_file 
to=functions.create_file to=functions.create_file to=functions.create_file 
to=functions.create_file to=functions.create_file to=functions.create_file 
to=functions.create_file to=functions.create_file to=functions.create_file 
to=functions.create_file to=functions.create_file to=functions.create_file 
to=functions.create_file to=functions.create_file to=functions.create_file 
to=functions.create_file to=functions.create_file to=functions.create_file 
to=functions.create_file to=functions.create_file to=functions.create_file 
to=functions.create_file to=functions.create_file to=functions.create_file 
to=functions.create_file to=functions.create_file to=functions.create_file 
to=functions.create_file to=functions.create_file to=functions.create_file 
to=functions.create_file to=functions.create_file to=functions.create_file 
to=functions.create_file to=functions.create_file to=functions.create_file 
to=functions.create_file to=functions.create_file to=functions.create_file 
to=functions.create_file to=functions.create_file to=functions.create_file 
to=functions.create_file to=functions.create_file to=functions.create_file 
to=functions.create_file to=functions.create_file to=functions.create_file 
to=functions.create_file to=functions.create_file to=functions.create_file 
to=functions.create_file to=functions.create_file to=functions.create_file 
to=functions.create_file to=functions.create_file to=functions.create_file 
to=functions.create_file to=functions.create_file to=functions.create_file 
to=functions.create_file to=functions.create_file to=functions.create_file 
to=functions.create_file to=functions.create_file to=functions.create_file 
to=functions.create_file to=functions.create_file to=functions.create_file 
to=functions.create_file to=functions.create_file to=functions.create_file 
to=functions.create_file to=functions.create_file to=functions.create_file 
to=functions.create_file to=functions.create_file to=functions.create_file 
to=functions.create_file to=functions.create_file to=functions.create_file 
to=functions.create_file to=functions.create_file to=functions.create_file 
to=functions.create_file to=functions.create_file to=functions.create_file 
to=functions.create_file to=functions.create_file to=functions.create_file 
to=functions.create_file to=functions.create_file to=functions.create_file 
to=functions.create_file to=functions.create_file to=functions.create_file 
to=functions.create_file to=functions.create_file to=functions.create_file 
to=functions.create_file to=functions.create_file to=functions.create_file 
to=functions.create_file to=functions.create_file to=functions.create_file 
to=functions.create_file to=functions.create_file to=functions.create_file 
to=functions.create_file to=functions.create_file to=functions.create_file 
to=functions.create_file to=functions.create_file to=functions.create_file 
to=functions.create_file to=functions.create_file to=functions.create_file 
to=functions.create_file to=functions.create_file to=functions.create_file 
to=functions.create_file to=functions.create_file to=functions.create_file 
to=functions.create_file to=functions.create_file to=functions.create_file 
to=functions.create_file to=functions.create_file to=functions.create_file 
to=functions.create_file to=functions.create_file to=functions.create_file 
to=functions.create_file to=functions.create_file to=functions.create_file 
to=functions.create_file to=functions.create_file to=functions.create_file 
to=functions.create_file to=functions.create_file to=functions.create_file 
to=functions.create_file to=functions.create_file to=functions.create_file 
to=functions.create_file to=functions.create_file to=functions.create_file 
to=functions.create_file to=functions.create_file to=functions.create_file 
to=functions.create_file to=functions.create_file to=functions.create_file 
to=functions.create_file to=functions.create_file to=functions.create_file 
to=functions.create_file to=functions.create_file to=functions.create_file 
to=functions.create_file to=functions.create_file to=functions.create_file 
to=functions.create_file to=functions.create_file to=functions.create_file 
to=functions.create_file to=functions.create_file to=functions.create_file 
to=functions.create_file to=functions.create_file to=functions.create_file 
to=functions.create_file to=functions.create_file to=functions.create_file 
to=functions.create_file to=functions.create_file to=functions.create_file 
to=functions.create_file to=functions.create_file to=functions.create_file 
to=functions.create_file to=functions.create_file to=functions.create_file 
to=functions.create_file to=functions.create_file to=functions.create_file 
to=functions.create_file to=functions.create_file to=functions.create_file 
to=functions.create_file to=functions.create_file to=functions.create_file 
to=functions.create_file to=functions.create_file to=functions.create_file 
to=functions.create_file to=functions.create_file to=functions.create_file 
to=functions.create_file to=functions.create_file to=functions.create_file 
to=functions.create_file to=functions.create_file to=functions.create_file 
to=functions.create_file to=functions.create_file to=functions.create_file 
to=functions.create_file to=functions.create_file to=functions.create_file 
to=functions.create_file to=functions.create_file to=functions.create_file 
to=functions.create_file to=functions.create_file to=functions.create_file 
to=functions.create_file to=functions.create_file to=functions.create_file 
to=functions.create_file to=functions.create_file to=functions.create_file 
to=functions.create_file to=functions.create_file to=functions.create_file 
to=functions.create_file to=functions.create_file to=functions.create_file 
to=functions.create_file to=functions.create_file to=functions.create_file 
to=functions.create_file to=functions.create_file to=functions.create_file 
to=functions.create_file to=functions.create_file to=functions.create_file 
to=functions.create_file to=functions.create_file to=functions.create_file 
to=functions.create_file to=functions.create_file to=functions.create_file 
to=functions.create_file to=functions.create_file to=functions.create_file 
to=functions.create_file to=functions.create_file to=functions.create_file 
to=functions.create_file to=functions.create_file to=functions.create_file 
to=functions.create_file to=functions.create_file to=functions.create_file 
to=functions.create_file to=functions.create_file to=functions.create_file 
to=functions.create_file to=functions.create_file to=functions.create_file 
to=functions.create_file to=functions.create_file to=functions.create_file 
to=functions.create_file to=functions.create_file to=functions.create_file 
to=functions.create_file to=functions.create_file to=functions.create_file 
to=functions.create_file to=functions.create_file to=functions.create_file 
to=functions.create_file to=functions.create_file to=functions.create_file 
to=functions.create_file to=functions.create_file to=functions.create_file 
to=functions.create_file to=functions.create_file to=functions.create_file 
to=functions.create_file to=functions.create_file to=functions.create_file 
to=functions.create_file to=functions.create_file to=functions.create_file 
to=functions.create_file to=functions.create_file to=functions.create_file 
to=functions.create_file to=functions.create_file to=functions.create_file 
to=functions.create_file to=functions.create_file to=functions.create_file 
to=functions.create_file to=functions.create_file to=functions.create_file 
to=functions.create_file to=functions.create_file to=functions.create_file 
to=functions.create_file to=functions.create_file to=functions.create_file 
to=functions.create_file to=functions.create_file to=functions.create_file 
to=functions.create_file to=functions.create_file to=functions.create_file 
to=functions.create_file to=functions.create_file to=functions.create_file 
to=functions.create_file to=functions.create_file to=functions.create_file 
to=functions.create_file to=functions.create_file to=functions.create_file 
to=functions.create_file to=functions.create_file to=functions.create_file 
to=functions.create_file to=functions.create_file to=functions.create_file 
to=functions.create_file to=functions.create_file to=functions.create_file 
to=functions.create_file to=functions.create_file to=functions.create_file 
to=functions.create_file to=functions.create_file to=functions.create_file 
to=functions.create_file to=functions.create_file to=functions.create_file 
to=functions.create_file to=functions.create_file to=functions.create_file 
to=functions.create_file to=functions.create_file to=functions.create_file 
to=functions.create_file to=functions.create_file to=functions.create_file 
to=functions.create_file to=functions.create_file to=functions.create_file 
to=functions.create_file to=functions.create_file to=functions.create_file 
to=functions.create_file to=functions.create_file to=functions.create_file 
to=functions.create_file to=functions.create_file to=functions.create_file 
to=functions.create_file to=functions.create_file to=functions.create_file 
to=functions.create_file to=functions.create_file to=functions.create_file 
to=functions.create_file to=functions.create_file to=functions.create_file 
to=functions.create_file to=functions.create_file to=functions.create_file 
to=functions.create_file to=functions.create_file to=functions.create_file 
to=functions.create_file to=functions.create_file to=functions.create_file 
to=functions.create_file to=functions.create_file to=functions.create_file 
to=functions.create_file to=functions.create_file to=functions.create_file 
to=functions.create_file to=functions.create_file to=functions.create_file 
to=functions.create_file to=functions.create_file to=functions.create_file 
to=functions.create_file to=functions.create_file to=functions.create_file 
to=functions.create_file to=functions.create_file 
     |                                                                          
                                                                                
                                                                                
                                                                                
                                                                                
                                                                                
                                                                                
                                                                                
                                                                                
                                                                                
                                                                                
                                                                                
                                                                                
                                                                                
                                                                                
                                                                                
                                                                                
                                                                                
                                                                                
                                                                                
                                                                                
                                                                                
                                                                                
                                                                                
                                                                                
                                                                                
                                                                                
                                                                                
                                                                                
                                                                                
                                                                                
                                                                                
                                                                                
                                                                                
                                                                                
                                                                                
                                                                                
                                                                                
                                                                                
                                                                                
                                                                                
                                                                                
                                                                                
                                                                                
                                                                                
                                                                                
                                                                                
                                                                                
                                                                                
                                                                                
                                                                                
                                                                                
                                                                                
                                                                                
                                                                                
                                                                                
                                                                                
                                                                                
                                                                                
                                                                                
                                                                                
                                                                                
                                                                                
                                                                                
                                                                                
                                                                                
                                                                                
                                                                                
                                                                                
                                                                                
                                                                                
                                                                                
                                                                                
                                                                                
                                                                                
                                                                                
                                                                                
                                                                                
                                                                                
                                                                                
                                                                                
                                                                                
                                                                                
                                                                                
                                                                                
                                                                                
                                                                                
                                                                                
                                                                                
                                                                                
                                                                                
                                                                                
                                                                                
                                                                                
                                                                                
                                                                                
                                                                                
                                                                                
                                                                                
                                                                                
                                                                                
                                                                                
                                                                                
                                                                                
                                                                                
                                                                                
                                                                                
                                                                                
                                                                                
                                                                                
                                                                                
                                                                                
                                                                                
                                                                                
                                                                                
                                                                                
                                                                                
                                                                                
                                                                                
                                                                                
                                                                                
                                                                                
                                                                                
                                                                                
                                                                                
                                                                                
                                                                                
                                                                                
                                                                                
                                                                                
                                                                                
                                                                                
                                                                                
                                                                                
                                                                                
                                                                                
                                                                                
                                                                                
                                                                                
                                                                                
                                                                                
                                                                                
                                                                                
                                                                                
                                                                                
                                                                                
                                                                                
                                                                                
                                                                                
                                                                                
                                                                                
                                                                                
                                                                                
                                                                                
                                                                                
                                                                                
                                                                                
                                                                                
                                                                                
                                                                                
                                                                                
                                                                                
                                                                                
                                                                                
                                                                                
                                                                                
                                                                                
                                                                                
                                                                                
                                                                                
                                                                                
                                                                                
                                                                                
                                                                                
                                                                                
                                                                                
                                                                                
                                                                                
                                                                                
                                                                                
                                                                                
                                                                                
                                                                                
                                                                                
                                                                                
                                                                                
                                                                                
                                                                                
                                                                                
                                                                                
                                                                                
                                                                                
                                                                                
                                                                                
                                                                                
                                                                                
                                                                                
                                                                                
                                                                                
                                                                                
                                                                                
                                                                                
                                                                                
                                                                                
                                                                                
                                                                                
                                                                                
                                                                                
                                                                                
                                                                                
                                                                                
                                                                                
                                                                                
                                                                                
                                                                                
                                                                                
                                                                                
                                                                                
                                                                                
                                                                                
                                                                                
                                                                                
                                                                                
                                                                                
                                                                                
                                                                                
                                                                                
                                                                                
                                                                                
                                                                                
                                                                                
                                                                                
                                                                                
                                                                                
                                                                                
                                                                                
                                                                                
                                                                                
                                                                                
                                                                                
                                                                                
                                                                                
                                                                                
                                                                                
                                                                                
                                                                                
                                                                                
                                                                                
                                                                                
                                                                                
                                                                                
                                                                                
                                                                                
                                                                                
                                                                                
                                                                                
                                                                                
                                                                                
                                                                                
                                                                                
                                                                                
                                                                                
                                                                                
                                                                                
                                                                                
                                                                                
                                                                                
                                                                                
                                                                                
                                                                                
                                                                                
                                                                                
                                                                                
                                                                                
                                                                                
                                                                                
                                                                                
                                                                                
                                                                                
                                                                                
                                                                                
                                                                                
                                                                                
                                                                                
                                                                                
                                                                                
                                                                                
                                                                                
                                                                                
                                                                                
                                                                                
                                                                                
                                                                                
                                                                                
                                                                                
                                                                                
                                                                                
                                                                                
                                                                                
                                                                                
                                                                                
                                                                                
                                                                                
                                                                                
                                                                                
                                                                                
                                                                                
                                                                                
                                                                                
                                                                                
                                                                                
                                                                                
                                                                                
                                                                                
                                                                                
                                                                                
                                                                                
                                                                                
                                                                                
                                                                                
                                                                                
                                                                                
                                                                                
                                                                                
                                                                                
                                                                                
                                                                                
                                                                                
                                                                                
                                                                                
                                                                                
                                                                                
                                                                                
                                                                                
                                                                                
                                                                                
                                                                                
                                                                                
                                                                                
                                                                                
                                                                                
                                                                                
                                                                                
                                                                                
                                                                                
                                                                                
                                                                                
                                                                                
                                                                                
                                                                                
                                                                                
                                                                                
                                                                                
                                                                                
                                                                                
                                                                                
                                                                                
                                                                                
                                                                                
                                                                                
                                                                                
                                                                                
                                                                                
                                                                                
                                                                                
                                                                                
                                                                                
                                                                                
                                                                                
                                                                                
                                                                                
                                                                                
                                                                                
                                                                                
                                                                                
                                                                                
                                                                                
                                                                                
                                                                                
                                                                                
                                                                                
                                                                                
                                                                                
                                                                                
                                                                                
                                                                                
                                                                                
                                                                                
                                                                                
                                                                                
                                                                                
                                                                                
                                                                                
                                                                                
                                                                                
                                                                                
                                                                                
                                                                                
                                                                                
                                                                                
                                                                                
                                                                                
                                                                                
                                                                                
                                                                                
                                                                                
                                                                                
                                                                                
                                                                                
                                                                                
                                                                                
                                                                                
                                                                                
                                                                                
                                                                                
                                                                                
                                                                                
                                                                                
                                                                                
                                                                                
                                                                                
                                                                                
                                                                                
                                                                                
                                                                                
                                                                                
                                                                                
                                                                                
                                                                                
                                                                                
                                                                                
                                                                                
                                                                                
                                                                                
                                                                                
                                                                                
                                                                                
                                                                                
                                                                                
                                                                                
                                                                                
                                                                                
                                                                                
                                                                                
                                                                                
                                                                                
                                                                                
                                                                                
                                                                                
                                                                                
                                                                                
                                                                                
                                                                                
                                                                                
                                                                                
                                                                                
                                                                                
                                                                                
                                                                                
                                                                                
                                                                                
                                                                                
                                                                                
                                                                                
                                                                                
                                                                                
                                                                                
                                                                                
                                                                                
                                                                                
                                                                                
                                                                                
                                                                                
                                                                                
                                                                                
                                                                                
                                                                                
                                                                                
                                                                                
                                                                                
                                                                                
                                                                                
                                                                                
                                                                                
                                                                                
                                                                                
                                                                                
                                                                                
                                                                                
                                                                                
                                                                                
                                                                                
                                                                                
                                                                                
                                                                                
                                                                                
                                                                                
                                                                                
                                                                                
                                                                                
                                                                                
                                                                                
                                                                                
                                                                                
                                                                                
                                                                                
                                                                                
                                                                                
                                                                                
                                                                                
                                                                                
                                                                                
                                                                                
                                                                                
                                                                                
                                                                                
                                                                                
                                                                                
                                                                                
                                                                                
                                                                                
                                                                                
                                                                                
                                                                                
                                                                                
                                                                                
                                                                                
                                                                                
                                                                                
                                                                                
                                                                                
                                                                                
                                                                                
                                                                                
                                                                                
                                                                                
                                                                                
                                                                                
                                                                                
                                                                                
                                                                                
                                                                                
                                                                                
                                                                                
                                                                                
                                                                                
                                                                                
                                                                                
                                                                                
                                                                                
                                                                                
                                                                                
                                                                                
                                                                                
                                                                                
                                                                                
                                                                                
                                                                                
                                                                                
                                                                                
                                                                                
                                                                                
                                                                                
                                                                                
                                                                                
                                                                                
                                                                                
                                                                                
                                                                                
                                                                                
                                                                                
                                                                                
                                                                                
                                                                                
                                                                                
                                                                                
                                                                                
                                                                                
                                                                                
                                                                                
                                                                                
                                                                                
                                                                                
                                                                                
                                                                                
                                                                                
                                                                                
                                                                                
                                                                                
                                                                                
                                                                                
                                                                                
                                                                                
                                                                                
                                                                                
                                                                                
                                                                                
                                                                                
                                                                                
                                                                                
                                                                                
                                                                                
                                                                                
                                                                                
                                                                                
                                                                                
                                                                                
                                                                                
                                                                                
                                                                                
                                                                                
                                                                                
                                                                                
                                                                                
                                                                                
                                                                                
                                                                                
                                                                                
                                                                                
                                                                                
                                                                                
                                                                                
                                                                                
                                                                                
                                                                                
                                                                                
                                                                                
                                                                                
                                                                                
                                                                                
                                                                                
                                                                                
                                                                                
                                                                                
                                                                                
                                                                                
                                                                                
                                                                                
                                                                                
                                                                                
                                                                                
                                                              ^
  [39m
[90m [2mÔØ»[22m failureErrorWithLog node_modules/.pnpm/esbuild@0.21.5/node_mo
dules/esbuild/lib/main.js:[2m1472:15[22m[39m
[90m [2mÔØ»[22m node_modules/.pnpm/esbuild@0.21.5/node_modules/esbuild/lib/ma
in.js:[2m755:50[22m[39m
[90m [2mÔØ»[22m responseCallbacks.<computed> node_modules/.pnpm/esbuild@0.21.
5/node_modules/esbuild/lib/main.js:[2m622:9[22m[39m
[90m [2mÔØ»[22m handleIncomingPacket node_modules/.pnpm/esbuild@0.21.5/node_m
odules/esbuild/lib/main.js:[2m677:12[22m[39m
[90m [2mÔØ»[22m Socket.readFromStdout node_modules/.pnpm/esbuild@0.21.5/node_
modules/esbuild/lib/main.js:[2m600:7[22m[39m

[31m[2mÔÄ»ÔÄ»ÔÄ»ÔÄ»ÔÄ»ÔÄ»ÔÄ»ÔÄ»ÔÄ»ÔÄ»ÔÄ»ÔÄ»ÔÄ»ÔÄ»ÔÄ»ÔÄ»ÔÄ»ÔÄ»ÔÄ»ÔÄ»ÔÄ»ÔÄ»ÔÄ»ÔÄ
»[1/1]ÔÄ»[22m[39m

[2m Test Files [22m [1m[31m1 failed[39m[22m[90m (1)[39m
[2m      Tests [22m [2mno tests[22m
[2m   Start at [22m 22:59:54
[2m   Duration [22m 7.02s[2m (transform 221ms, setup 592ms, collect 0ms, tests 0ms, environment 3.00s, prepare 434ms)[22m

